// Jest Snapshot v1, https://goo.gl/fbAQLP

exports[`habit renders 1`] = `
<li
  className="habit"
>
  <span
    className="habit-name"
  >
    habit 1
  </span>
  <span
    className="habit-count"
  >
    0
  </span>
  <button
    className="habit-button habit-increase"
    onClick={[Function]}
    title="increment"
  >
    <i
      className="fas fa-plus-square"
    />
  </button>
  <button
    className="habit-button habit-decrease"
    onClick={[Function]}
    title="decrement"
  >
    <i
      className="fas fa-minus-square"
    />
  </button>
  <button
    className="habit-button habit-delete"
    onClick={[Function]}
    title="delete"
  >
    <i
      className="fas fa-trash"
    />
  </button>
</li>
`;
